SELECT CAST(mgid '507f191e810c19729de860ea' AS TEXT);
           text           
--------------------------
 507f191e810c19729de860ea
(1 row)

SELECT CAST('507f191e810c19729de860ea' AS mgid);
           mgid           
--------------------------
 507f191e810c19729de860ea
(1 row)

SELECT CAST(mgid '507f191e810c19729de860ea' AS TEXT) = TEXT '507f191e810c19729de860ea';
 ?column? 
----------
 t
(1 row)

