CREATE TABLE test_mgid1 (a mgid);
INSERT INTO test_mgid1 VALUES ('507f191e810c19729de860ea');
SELECT a FROM test_mgid1;
            a             
--------------------------
 507f191e810c19729de860ea
(1 row)

INSERT INTO test_mgid1 VALUES ('507f191e810c19729d');
ERROR:  invalid input syntax for type mgid: "507f191e810c19729d"
LINE 1: INSERT INTO test_mgid1 VALUES ('507f191e810c19729d');
                                       ^
INSERT INTO test_mgid1 VALUES ('507f191e810c19729de960ea0');
ERROR:  invalid input syntax for type mgid: "507f191e810c19729de960ea0"
LINE 1: INSERT INTO test_mgid1 VALUES ('507f191e810c19729de960ea0');
                                       ^
