SELECT mgid_get_timestamp('00000000bcf86cd799439011');
 mgid_get_timestamp 
--------------------
 00000000
(1 row)

SELECT mgid_get_timestamp('00000000810c19729de860ea');
 mgid_get_timestamp 
--------------------
 00000000
(1 row)

SELECT mgid_get_process_unique('507f1f770000000000439011');
 mgid_get_process_unique 
-------------------------
 0000000000
(1 row)

SELECT mgid_get_process_unique('507f191d0000000000e860ea');
 mgid_get_process_unique 
-------------------------
 0000000000
(1 row)

SELECT mgid_get_counter('507f1f77bcf86cd799000000');
 mgid_get_counter 
------------------
 000000
(1 row)

SELECT mgid_get_counter('507f191e810c19729d000000');
 mgid_get_counter 
------------------
 000000
(1 row)

